Microchip MPLAB XC8 Compiler V2.32

Linker command line:

-W-3 --edf=C:\Program Files\Microchip\xc8\v2.32\pic\dat\en_msgs.txt -cn \
  -h+dist/default/production\lcd_custm_char_16f.X.production.sym \
  --cmf=dist/default/production\lcd_custm_char_16f.X.production.cmf -z \
  -Q16F877A -oC:\Users\gopik\AppData\Local\Temp\xcAs6d4.4 \
  --defsym=__MPLAB_BUILD=1 \
  -Mdist/default/production/lcd_custm_char_16f.X.production.map -E1 \
  -ver=XC8 Compiler --acfsm=1493 -ASTACK=0110h-016Fh -pstack=STACK \
  -ACODE=00h-07FFhx4 -ASTRCODE=00h-01FFFh -ASTRING=00h-0FFhx32 \
  -ACONST=00h-0FFhx32 -AENTRY=00h-0FFhx32 -ACOMMON=070h-07Fh \
  -ABANK0=020h-06Fh -ABANK1=0A0h-0EFh -ABANK2=0110h-016Fh \
  -ABANK3=0190h-01EFh -ARAM=020h-06Fh,0A0h-0EFh,0110h-016Fh,0190h-01EFh \
  -AABS1=020h-07Fh,0A0h-0EFh,0110h-016Fh,0190h-01EFh -ASFR0=00h-01Fh \
  -ASFR1=080h-09Fh -ASFR2=0100h-010Fh -ASFR3=0180h-018Fh \
  -ACONFIG=02007h-02007h -DCONFIG=2 -AIDLOC=02000h-02003h -DIDLOC=2 \
  -AEEDATA=00h-0FFh/02100h -peeprom_data=EEDATA -DEEDATA=2 -DCODE=2 \
  -DSTRCODE=2 -DSTRING=2 -DCONST=2 -DENTRY=2 \
  -preset_vec=00h,intentry,init,end_init -ppowerup=CODE -pcinit=CODE \
  -pfunctab=ENTRY -k C:\Users\gopik\AppData\Local\Temp\xcAs6d4.o \
  dist/default/production\lcd_custm_char_16f.X.production.o 

Object code version is 3.11

Machine type is 16F877A



                Name                               Link     Load   Length Selector   Space Scale
C:\Users\gopik\AppData\Local\Temp\xcAs6d4.o
                end_init                              0        0        3        0       0
                config                             2007     2007        1        0       4
dist/default/production\lcd_custm_char_16f.X.production.o
                cinit                               7FC      7FC        4      FF8       0
                config                             2007     2007        1        0       4
                text7                               613      613       22      C26       0
                text6                               5F9      5F9       1A      BF2       0
                text5                               5EC      5EC        D      BD8       0
                text4                               701      701       5F      E02       0
                text3                               635      635       25      C6A       0
                text2                               65A      65A       52      CB4       0
                text1                               6AC      6AC       55      D58       0
                maintext                            760      760       9C      EC0       0
                cstackBANK0                          20       20        3       20       1
                cstackCOMMON                         70       70        D       70       1
                strings                               3        3       96        6       0

TOTAL           Name                               Link     Load   Length     Space
        CLASS   STACK          

        CLASS   CODE           
                end_init                              0        0        3         0
                cinit                               7FC      7FC        4         0
                text7                               613      613       22         0
                text6                               5F9      5F9       1A         0
                text5                               5EC      5EC        D         0
                text4                               701      701       5F         0
                text3                               635      635       25         0
                text2                               65A      65A       52         0
                text1                               6AC      6AC       55         0
                maintext                            760      760       9C         0

        CLASS   STRCODE        

        CLASS   STRING         
                strings                               3        3       96         0

        CLASS   CONST          

        CLASS   ENTRY          

        CLASS   COMMON         
                cstackCOMMON                         70       70        D         1

        CLASS   BANK0          
                cstackBANK0                          20       20        3         1

        CLASS   BANK1          

        CLASS   BANK2          

        CLASS   BANK3          

        CLASS   RAM            

        CLASS   ABS1           
                abs_s1                               7E       7E        2         1

        CLASS   SFR0           

        CLASS   SFR1           

        CLASS   SFR2           

        CLASS   SFR3           

        CLASS   CONFIG         
                config                             2007     2007        1         4

        CLASS   IDLOC          

        CLASS   EEDATA         



SEGMENTS        Name                           Load    Length   Top    Selector   Space  Class     Delta

                reset_vec                      000000  000003  000003         0       0  CODE        2
                strings                        000003  000096  000099         6       0  STRING      2
                cstackBANK0                    000020  000003  000023        20       1  BANK0       1
                cstackCOMMON                   000070  00000D  00007D        70       1  COMMON      1
                text5                          0005EC  00000D  0005F9       BD8       0  CODE        2
                text6                          0005F9  00001A  000613       BF2       0  CODE        2
                text7                          000613  000022  000635       C26       0  CODE        2
                text3                          000635  000025  00065A       C6A       0  CODE        2
                text2                          00065A  000052  0006AC       CB4       0  CODE        2
                text1                          0006AC  000055  000701       D58       0  CODE        2
                text4                          000701  00005F  000760       E02       0  CODE        2
                maintext                       000760  00009C  0007FC       EC0       0  CODE        2
                cinit                          0007FC  000004  000800       FF8       0  CODE        2


UNUSED ADDRESS RANGES

        Name                Unused          Largest block    Delta
        BANK0            0023-006F             4D           1
        BANK1            00A0-00EF             50           1
        BANK2            0110-016F             60           1
        BANK3            0190-01EF             60           1
        CODE             0099-05EB            553           2
                         0800-1FFF            800
        COMMON           007D-007D              1           1
        CONST            0099-05EB            100           2
                         0800-1FFF            100
        EEDATA           2100-21FF            100           2
        ENTRY            0099-05EB            100           2
                         0800-1FFF            100
        IDLOC            2000-2003              4           2
        RAM              0023-006F             4D           1
                         00A0-00EF             50
                         0110-016F             60
                         0190-01EF             60
        SFR0             0000-001F             20           1
        SFR1             0080-009F             20           1
        SFR2             0100-010F             10           1
        SFR3             0180-018F             10           1
        STACK            0110-016F             60           1
        STRCODE          0099-05EB            553           2
                         0800-1FFF           1800
        STRING           0099-05EB            100           2
                         0800-1FFF            100

                                  Symbol Table

Lcd_Cmd@a                   cstackCOMMON 0073
Lcd_Print_Char@Lower_Nibble cstackCOMMON 0072
Lcd_Print_Char@Upper_Nibble cstackCOMMON 0073
Lcd_Print_Char@data         cstackCOMMON 0078
Lcd_Print_Char@i            cstackCOMMON 0074
Lcd_Print_Char@i_59         cstackCOMMON 0076
Lcd_Print_String@a          cstackCOMMON 007B
Lcd_Print_String@i          cstackCOMMON 0079
Lcd_SetBit@data_bit         cstackCOMMON 0070
Lcd_Set_Cursor@a            cstackCOMMON 0077
Lcd_Set_Cursor@b            cstackCOMMON 0074
Lcd_Set_Cursor@temp         cstackCOMMON 007A
Lcd_Set_Cursor@y            cstackCOMMON 0079
Lcd_Set_Cursor@z            cstackCOMMON 0078
_Custom_Char5x8             strings      0009
_Lcd_Clear                  text5        05EC
_Lcd_Cmd                    text6        05F9
_Lcd_Print_Char             text4        0701
_Lcd_Print_String           text3        0635
_Lcd_SetBit                 text7        0613
_Lcd_Set_Cursor             text2        065A
_Lcd_Start                  text1        06AC
_RD2                        (abs)        0042
_RD3                        (abs)        0043
_RD4                        (abs)        0044
_RD5                        (abs)        0045
_RD6                        (abs)        0046
_RD7                        (abs)        0047
_TRISD                      (abs)        0088
__Habs1                     abs1         0000
__Hbank0                    bank0        0000
__Hbank1                    bank1        0000
__Hbank2                    bank2        0000
__Hbank3                    bank3        0000
__Hcinit                    cinit        0800
__Hclrtext                  clrtext      0000
__Hcode                     code         0000
__Hcommon                   common       0000
__Hconfig                   config       2008
__HcstackBANK0              cstackBANK0  0000
__HcstackCOMMON             cstackCOMMON 0000
__Heeprom_data              eeprom_data  0000
__Hend_init                 end_init     0003
__Hfunctab                  functab      0000
__Hinit                     init         0000
__Hintentry                 intentry     0000
__Hmaintext                 maintext     0000
__Hpowerup                  powerup      0000
__Hram                      ram          0000
__Hreset_vec                reset_vec    0000
__Hsfr0                     sfr0         0000
__Hsfr1                     sfr1         0000
__Hsfr2                     sfr2         0000
__Hsfr3                     sfr3         0000
__Hspace_0                  (abs)        0800
__Hspace_1                  (abs)        007D
__Hspace_2                  (abs)        0000
__Hspace_3                  (abs)        0000
__Hspace_4                  (abs)        400F
__Hstack                    stack        0000
__Hstrings                  strings      0000
__Htext                     text         0000
__Labs1                     abs1         0000
__Lbank0                    bank0        0000
__Lbank1                    bank1        0000
__Lbank2                    bank2        0000
__Lbank3                    bank3        0000
__Lcinit                    cinit        07FC
__Lclrtext                  clrtext      0000
__Lcode                     code         0000
__Lcommon                   common       0000
__Lconfig                   config       0000
__LcstackBANK0              cstackBANK0  0000
__LcstackCOMMON             cstackCOMMON 0000
__Leeprom_data              eeprom_data  0000
__Lend_init                 end_init     0000
__Lfunctab                  functab      0000
__Linit                     init         0000
__Lintentry                 intentry     0000
__Lmaintext                 maintext     0000
__Lpowerup                  powerup      0000
__Lram                      ram          0000
__Lreset_vec                reset_vec    0000
__Lsfr0                     sfr0         0000
__Lsfr1                     sfr1         0000
__Lsfr2                     sfr2         0000
__Lsfr3                     sfr3         0000
__Lspace_0                  (abs)        0000
__Lspace_1                  (abs)        0000
__Lspace_2                  (abs)        0000
__Lspace_3                  (abs)        0000
__Lspace_4                  (abs)        0000
__Lstack                    stack        0000
__Lstrings                  strings      0000
__Ltext                     text         0000
__S0                        (abs)        0800
__S1                        (abs)        007D
__S2                        (abs)        0000
__S3                        (abs)        0000
___int_sp                   stack        0000
___latbits                  (abs)        0002
___sp                       stack        0000
___stackhi                  (abs)        0000
___stacklo                  (abs)        0000
__end_of_Custom_Char5x8     strings      0089
__end_of_Lcd_Clear          text5        05F9
__end_of_Lcd_Cmd            text6        0613
__end_of_Lcd_Print_Char     text4        0760
__end_of_Lcd_Print_String   text3        065A
__end_of_Lcd_SetBit         text7        0635
__end_of_Lcd_Set_Cursor     text2        06AC
__end_of_Lcd_Start          text1        0701
__end_of__initialization    cinit        07FC
__end_of__stringtab         strings      0009
__end_of_main               maintext     07FC
__initialization            cinit        07FC
__pcstackBANK0              cstackBANK0  0020
__pcstackCOMMON             cstackCOMMON 0070
__pmaintext                 maintext     0760
__pstrings                  strings      0003
__ptext1                    text1        06AC
__ptext2                    text2        065A
__ptext3                    text3        0635
__ptext4                    text4        0701
__ptext5                    text5        05EC
__ptext6                    text6        05F9
__ptext7                    text7        0613
__size_of_Lcd_Clear         (abs)        0000
__size_of_Lcd_Cmd           (abs)        0000
__size_of_Lcd_Print_Char    (abs)        0000
__size_of_Lcd_Print_String  (abs)        0000
__size_of_Lcd_SetBit        (abs)        0000
__size_of_Lcd_Set_Cursor    (abs)        0000
__size_of_Lcd_Start         (abs)        0000
__size_of_main              (abs)        0000
__stringbase                strings      0008
__stringtab                 strings      0003
_main                       maintext     0760
btemp                       (abs)        007E
end_of_initialization       cinit        07FC
intlevel0                   functab      0000
intlevel1                   functab      0000
intlevel2                   functab      0000
intlevel3                   functab      0000
intlevel4                   functab      0000
intlevel5                   functab      0000
main@i                      cstackCOMMON 007C
reset_vec                   reset_vec    0000
start                       init         0000
start_initialization        cinit        07FC
wtemp0                      (abs)        007E


MODULE INFORMATION

Module		Function		Class		Link	Load	Size
shared
		__stringtab    		STRING         	0003	0000	6
		_Custom_Char5x8		STRING         	0009	0000	128
		__initialization		CODE           	07FC	0000	1

shared estimated size: 135

lcd_chr.c
		_main          		CODE           	0760	0000	156
		_Lcd_Cmd       		CODE           	05F9	0000	26
		_Lcd_SetBit    		CODE           	0613	0000	34
		_Lcd_Start     		CODE           	06AC	0000	85
		_Lcd_Set_Cursor		CODE           	065A	0000	82
		_Lcd_Clear     		CODE           	05EC	0000	13
		_Lcd_Print_String		CODE           	0635	0000	37
		_Lcd_Print_Char		CODE           	0701	0000	95

lcd_chr.c estimated size: 528

